  main.cpp
D:\CoDING\SFML_Game\SFML_Game\main.cpp(63,36): warning C4244: 'argument': conversion from 'int' to 'float', possible loss of data
D:\CoDING\SFML_Game\SFML_Game\main.cpp(77,38): warning C4244: 'argument': conversion from 'int' to 'T', possible loss of data
D:\CoDING\SFML_Game\SFML_Game\main.cpp(77,38): warning C4244:         with
D:\CoDING\SFML_Game\SFML_Game\main.cpp(77,38): warning C4244:         [
D:\CoDING\SFML_Game\SFML_Game\main.cpp(77,38): warning C4244:             T=float
D:\CoDING\SFML_Game\SFML_Game\main.cpp(77,38): warning C4244:         ]
D:\CoDING\SFML_Game\SFML_Game\main.cpp(77,30): warning C4244: 'argument': conversion from 'int' to 'T', possible loss of data
D:\CoDING\SFML_Game\SFML_Game\main.cpp(77,30): warning C4244:         with
D:\CoDING\SFML_Game\SFML_Game\main.cpp(77,30): warning C4244:         [
D:\CoDING\SFML_Game\SFML_Game\main.cpp(77,30): warning C4244:             T=float
D:\CoDING\SFML_Game\SFML_Game\main.cpp(77,30): warning C4244:         ]
D:\CoDING\SFML_Game\SFML_Game\main.cpp(90,52): warning C4244: 'argument': conversion from 'int' to 'T', possible loss of data
D:\CoDING\SFML_Game\SFML_Game\main.cpp(90,52): warning C4244:         with
D:\CoDING\SFML_Game\SFML_Game\main.cpp(90,52): warning C4244:         [
D:\CoDING\SFML_Game\SFML_Game\main.cpp(90,52): warning C4244:             T=float
D:\CoDING\SFML_Game\SFML_Game\main.cpp(90,52): warning C4244:         ]
D:\CoDING\SFML_Game\SFML_Game\main.cpp(90,45): warning C4244: 'argument': conversion from 'int' to 'T', possible loss of data
D:\CoDING\SFML_Game\SFML_Game\main.cpp(90,45): warning C4244:         with
D:\CoDING\SFML_Game\SFML_Game\main.cpp(90,45): warning C4244:         [
D:\CoDING\SFML_Game\SFML_Game\main.cpp(90,45): warning C4244:             T=float
D:\CoDING\SFML_Game\SFML_Game\main.cpp(90,45): warning C4244:         ]
  Generating code
  1 of 399 functions ( 0.3%) were compiled, the rest were copied from previous compilation.
    0 functions were new in current compilation
    0 functions had inline decision re-evaluated but remain unchanged
  Finished generating code
  SFML_Game.vcxproj -> D:\CoDING\SFML_Game\x64\Release\SFML_Game.exe
